// Jest Snapshot v1, https://goo.gl/fbAQLP

exports[`<AllCategorties> renders without crashing 1`] = `
<div
  className="allCategories"
>
  <SingleCategory
    index={0}
    rating={0}
  />
  <SingleCategory
    index={1}
    rating={0}
  />
  <SingleCategory
    index={2}
    rating={0}
  />
</div>
`;
