// Jest Snapshot v1, https://goo.gl/fbAQLP

exports[`<Routes> should render corretly 1`] = `
<BrowserRouter>
  <Route
    exact={true}
    path="/profile/:id"
    render={[Function]}
  />
  <Route
    exact={true}
    path="/staticprofile/:unique_url"
    render={[Function]}
  />
  <Route
    exact={true}
    path="/rankmyself/:id"
    render={[Function]}
  />
</BrowserRouter>
`;
