// Jest Snapshot v1, https://goo.gl/fbAQLP

exports[`<StaticProfile> renders corretly 1`] = `
<div
  className="staticprofile"
>
  <h1
    className="card-header"
  >
    undefined's Profile
  </h1>
  <div
    className="card"
  >
    <h1
      id="fullname"
    >

    </h1>
    <h2
      className="card-info"
      id="email"
    >
      <span
        aria-label="envelope"
        role="img"
      >

        ✉️
      </span>

    </h2>
    <h2
      className="card-info"
      id="timezone"
    >
      <span
        aria-label="globe"
        role="img"
      >

        🌐
      </span>

    </h2>
  </div>
</div>
`;
